# SST-format memory trace for FlexProf Static - All 8 Domains Combined
# Format: <R|W> <address> <domain_id>
# Mixed workload patterns across domains 0-7

# Domain 0: Balanced workload
R 0x10000000 0
R 0x10001000 0
W 0x10002000 0
R 0x10003000 0

# Domain 1: Balanced workload
R 0x20000000 1
R 0x20001000 1
W 0x20002000 1
R 0x20003000 1

# Domain 2: Balanced workload
R 0x30000000 2
R 0x30001000 2
W 0x30002000 2
R 0x30003000 2

# Domain 3: Balanced workload
R 0x40000000 3
R 0x40001000 3
W 0x40002000 3
R 0x40003000 3

# Domain 4: Balanced workload
R 0x50000000 4
R 0x50001000 4
W 0x50002000 4
R 0x50003000 4

# Domain 5: Balanced workload
R 0x60000000 5
R 0x60001000 5
W 0x60002000 5
R 0x60003000 5

# Domain 6: Balanced workload
R 0x70000000 6
R 0x70001000 6
W 0x70002000 6
R 0x70003000 6

# Domain 7: Balanced workload
R 0x80000000 7
R 0x80001000 7
W 0x80002000 7
R 0x80003000 7

# Interleaved requests across all domains
R 0x10004000 0
W 0x20004000 1
R 0x30004000 2
R 0x40004000 3
W 0x50004000 4
R 0x60004000 5
W 0x70004000 6
R 0x80004000 7

R 0x10005000 0
R 0x20005000 1
W 0x30005000 2
R 0x40005000 3
R 0x50005000 4
W 0x60005000 5
R 0x70005000 6
R 0x80005000 7

W 0x10006000 0
R 0x20006000 1
R 0x30006000 2
W 0x40006000 3
R 0x50006000 4
R 0x60006000 5
W 0x70006000 6
R 0x80006000 7

# More domain-specific patterns
R 0x10010000 0
R 0x10011000 0
W 0x10012000 0

W 0x20010000 1
W 0x20011000 1
R 0x20012000 1

R 0x30010000 2
W 0x30011000 2
R 0x30012000 2

R 0x40010000 3
R 0x40011000 3
R 0x40012000 3

W 0x50010000 4
R 0x50011000 4
W 0x50012000 4

R 0x60010000 5
R 0x60011000 5
W 0x60012000 5

R 0x70010000 6
W 0x70011000 6
R 0x70012000 6

R 0x80010000 7
R 0x80011000 7
R 0x80012000 7
