# SST-format memory trace for FlexProf Static - Domain 4
# Format: <R|W> <address> <domain_id>
# Balanced workload pattern

R 0x50000000 4
R 0x50001000 4
R 0x50002000 4
W 0x50003000 4
R 0x50004000 4
R 0x50005000 4
W 0x50006000 4
R 0x50007000 4
W 0x50008000 4
R 0x50009000 4
R 0x5000A000 4
R 0x5000B000 4
W 0x5000C000 4
R 0x5000D000 4
R 0x5000E000 4
W 0x5000F000 4
R 0x50010000 4
R 0x50011000 4
R 0x50012000 4
W 0x50013000 4
R 0x50014000 4
W 0x50015000 4
R 0x50016000 4
R 0x50017000 4
W 0x50018000 4
R 0x50019000 4
R 0x5001A000 4
R 0x5001B000 4
W 0x5001C000 4
R 0x5001D000 4
R 0x5001E000 4
W 0x5001F000 4
