# SST-format memory trace for FlexProf Static - Domain 6
# Format: <R|W> <address> <domain_id>
# Balanced workload pattern

R 0x70000000 6
R 0x70001000 6
R 0x70002000 6
W 0x70003000 6
R 0x70004000 6
R 0x70005000 6
W 0x70006000 6
R 0x70007000 6
W 0x70008000 6
R 0x70009000 6
R 0x7000A000 6
R 0x7000B000 6
W 0x7000C000 6
R 0x7000D000 6
R 0x7000E000 6
W 0x7000F000 6
R 0x70010000 6
R 0x70011000 6
R 0x70012000 6
W 0x70013000 6
R 0x70014000 6
W 0x70015000 6
R 0x70016000 6
R 0x70017000 6
W 0x70018000 6
R 0x70019000 6
R 0x7001A000 6
R 0x7001B000 6
W 0x7001C000 6
R 0x7001D000 6
R 0x7001E000 6
W 0x7001F000 6
