# SST-format memory trace for FlexProf Static - Domain 1
# Format: <R|W> <address> <domain_id>
# Balanced workload pattern

R 0x20000000 1
R 0x20001000 1
R 0x20002000 1
W 0x20003000 1
R 0x20004000 1
R 0x20005000 1
W 0x20006000 1
R 0x20007000 1
W 0x20008000 1
R 0x20009000 1
R 0x2000A000 1
R 0x2000B000 1
W 0x2000C000 1
R 0x2000D000 1
R 0x2000E000 1
W 0x2000F000 1
R 0x20010000 1
R 0x20011000 1
R 0x20012000 1
W 0x20013000 1
R 0x20014000 1
W 0x20015000 1
R 0x20016000 1
R 0x20017000 1
W 0x20018000 1
R 0x20019000 1
R 0x2001A000 1
R 0x2001B000 1
W 0x2001C000 1
R 0x2001D000 1
R 0x2001E000 1
W 0x2001F000 1
