# SST-format memory trace for FlexProf Static - Domain 7
# Format: <R|W> <address> <domain_id>
# Balanced workload pattern

R 0x80000000 7
R 0x80001000 7
R 0x80002000 7
W 0x80003000 7
R 0x80004000 7
R 0x80005000 7
W 0x80006000 7
R 0x80007000 7
W 0x80008000 7
R 0x80009000 7
R 0x8000A000 7
R 0x8000B000 7
W 0x8000C000 7
R 0x8000D000 7
R 0x8000E000 7
W 0x8000F000 7
R 0x80010000 7
R 0x80011000 7
R 0x80012000 7
W 0x80013000 7
R 0x80014000 7
W 0x80015000 7
R 0x80016000 7
R 0x80017000 7
W 0x80018000 7
R 0x80019000 7
R 0x8001A000 7
R 0x8001B000 7
W 0x8001C000 7
R 0x8001D000 7
R 0x8001E000 7
W 0x8001F000 7
