# SST-format memory trace for FlexProf Static - Domain 3
# Format: <R|W> <address> <domain_id>
# Balanced workload pattern

R 0x40000000 3
R 0x40001000 3
R 0x40002000 3
W 0x40003000 3
R 0x40004000 3
R 0x40005000 3
W 0x40006000 3
R 0x40007000 3
W 0x40008000 3
R 0x40009000 3
R 0x4000A000 3
R 0x4000B000 3
W 0x4000C000 3
R 0x4000D000 3
R 0x4000E000 3
W 0x4000F000 3
R 0x40010000 3
R 0x40011000 3
R 0x40012000 3
W 0x40013000 3
R 0x40014000 3
W 0x40015000 3
R 0x40016000 3
R 0x40017000 3
W 0x40018000 3
R 0x40019000 3
R 0x4001A000 3
R 0x4001B000 3
W 0x4001C000 3
R 0x4001D000 3
R 0x4001E000 3
W 0x4001F000 3
