# SST-format memory trace for FlexProf Static - Domain 0
# Format: <R|W> <address> <domain_id>
# Read-heavy workload pattern (~90% reads)

R 0x10000000 0
R 0x10001000 0
R 0x10002000 0
R 0x10003000 0
R 0x10004000 0
R 0x10005000 0
R 0x10006000 0
R 0x10007000 0
R 0x10008000 0
W 0x10009000 0
R 0x1000A000 0
R 0x1000B000 0
R 0x1000C000 0
R 0x1000D000 0
R 0x1000E000 0
R 0x1000F000 0
R 0x10010000 0
R 0x10011000 0
W 0x10012000 0
R 0x10013000 0
R 0x10014000 0
R 0x10015000 0
R 0x10016000 0
R 0x10017000 0
R 0x10018000 0
R 0x10019000 0
R 0x1001A000 0
W 0x1001B000 0
R 0x1001C000 0
R 0x1001D000 0
R 0x1001E000 0
R 0x1001F000 0
