# SST-format memory trace for FlexProf Static - Domain 5
# Format: <R|W> <address> <domain_id>
# Read-heavy workload pattern (~90% reads)

R 0x60000000 5
R 0x60001000 5
R 0x60002000 5
R 0x60003000 5
R 0x60004000 5
R 0x60005000 5
R 0x60006000 5
R 0x60007000 5
R 0x60008000 5
W 0x60009000 5
R 0x6000A000 5
R 0x6000B000 5
R 0x6000C000 5
R 0x6000D000 5
R 0x6000E000 5
R 0x6000F000 5
R 0x60010000 5
R 0x60011000 5
W 0x60012000 5
R 0x60013000 5
R 0x60014000 5
R 0x60015000 5
R 0x60016000 5
R 0x60017000 5
R 0x60018000 5
R 0x60019000 5
R 0x6001A000 5
W 0x6001B000 5
R 0x6001C000 5
R 0x6001D000 5
R 0x6001E000 5
R 0x6001F000 5
