# SST-format memory trace for FlexProf Static - Domain 2
# Format: <R|W> <address> <domain_id>
# Write-heavy workload pattern (~90% writes)

W 0x30000000 2
W 0x30001000 2
W 0x30002000 2
W 0x30003000 2
W 0x30004000 2
W 0x30005000 2
W 0x30006000 2
W 0x30007000 2
W 0x30008000 2
R 0x30009000 2
W 0x3000A000 2
W 0x3000B000 2
W 0x3000C000 2
W 0x3000D000 2
W 0x3000E000 2
W 0x3000F000 2
W 0x30010000 2
W 0x30011000 2
R 0x30012000 2
W 0x30013000 2
W 0x30014000 2
W 0x30015000 2
W 0x30016000 2
W 0x30017000 2
W 0x30018000 2
W 0x30019000 2
W 0x3001A000 2
R 0x3001B000 2
W 0x3001C000 2
W 0x3001D000 2
W 0x3001E000 2
W 0x3001F000 2
